// Jest Snapshot v1, https://goo.gl/fbAQLP

exports[`Component <Header /> should renders correctly 1`] = `
<div>
  <Switch>
    <Route
      component={[Function]}
      exact={true}
      path="/patients/:userId/patients-summary"
    />
    <Route
      component={[Function]}
      exact={true}
      key="problems"
      path="/patients/:userId/diagnoses"
    />
    <Route
      component={[Function]}
      exact={true}
      key="problemsCreate"
      path="/patients/:userId/diagnoses/create"
    />
    <Route
      component={[Function]}
      exact={true}
      key="problemsDetail"
      path="/patients/:userId/diagnoses/:sourceId"
    />
    <Route
      component={[Function]}
      exact={true}
      key="medications"
      path="/patients/:userId/medications"
    />
    <Route
      component={[Function]}
      exact={true}
      key="medicationsCreate"
      path="/patients/:userId/medications/create"
    />
    <Route
      component={[Function]}
      exact={true}
      key="medicationsDetail"
      path="/patients/:userId/medications/:sourceId"
    />
    <Route
      component={[Function]}
      exact={true}
      key="allergies"
      path="/patients/:userId/allergies"
    />
    <Route
      component={[Function]}
      exact={true}
      key="allergiesCreate"
      path="/patients/:userId/allergies/create"
    />
    <Route
      component={[Function]}
      exact={true}
      key="allergiesDetail"
      path="/patients/:userId/allergies/:sourceId"
    />
    <Route
      component={[Function]}
      exact={true}
      key="contacts"
      path="/patients/:userId/contacts"
    />
    <Route
      component={[Function]}
      exact={true}
      key="contactsCreate"
      path="/patients/:userId/contacts/create"
    />
    <Route
      component={[Function]}
      exact={true}
      key="contactsDetail"
      path="/patients/:userId/contacts/:sourceId"
    />
    <Route
      component={[Function]}
      exact={true}
      key="diaryEntry"
      path="/patients/:userId/diaryEntry"
    />
    <Route
      component={[Function]}
      exact={true}
      key="diaryEntryCreate"
      path="/patients/:userId/diaryEntry/create"
    />
    <Route
      component={[Function]}
      exact={true}
      key="diaryEntryDetail"
      path="/patients/:userId/diaryEntry/:sourceId"
    />
    <Route
      component={[Function]}
      exact={true}
      key="genericPlugin"
      path="/patients/:userId/genericPlugin"
    />
    <Route
      component={[Function]}
      exact={true}
      key="genericPluginCreate"
      path="/patients/:userId/genericPlugin/create"
    />
    <Route
      component={[Function]}
      exact={true}
      key="genericPluginDetail"
      path="/patients/:userId/genericPlugin/:sourceId"
    />
    <Route
      component={[Function]}
      exact={true}
      key="proms"
      path="/patients/:userId/proms"
    />
    <Route
      component={[Function]}
      exact={true}
      key="promsCreate"
      path="/patients/:userId/proms/create"
    />
    <Route
      component={[Function]}
      exact={true}
      key="promsDetail"
      path="/patients/:userId/proms/:sourceId"
    />
    <Route
      component={[Function]}
      exact={true}
      key="procedures"
      path="/patients/:userId/procedures"
    />
    <Route
      component={[Function]}
      exact={true}
      key="proceduresCreate"
      path="/patients/:userId/procedures/create"
    />
    <Route
      component={[Function]}
      exact={true}
      key="proceduresDetail"
      path="/patients/:userId/procedures/:sourceId"
    />
    <Route
      component={[Function]}
      exact={true}
      key="vaccinations"
      path="/patients/:userId/vaccinations"
    />
    <Route
      component={[Function]}
      exact={true}
      key="vaccinationsCreate"
      path="/patients/:userId/vaccinations/create"
    />
    <Route
      component={[Function]}
      exact={true}
      key="vaccinationsDetail"
      path="/patients/:userId/vaccinations/:sourceId"
    />
    <Route
      component={[Function]}
      path="/"
    />
  </Switch>
</div>
`;
